This is pdfTeX, Version 3.141592653-2.6-1.40.27 (TeX Live 2025) (preloaded format=pdflatex 2025.12.16)  23 APR 2026 19:09
entering extended mode
 restricted \write18 enabled.
 %&-line parsing enabled.
**thesis.tex
(./thesis.tex
LaTeX2e <2024-11-01> patch level 2
L3 programming layer <2025-01-18>
(./kulemt.cls
Document Class: kulemt 2025-05-20 v2.1.0 KU Leuven Engineering Master's Thesis 
document class
\l_kulemt_opt_ptsize_int=\count196
\l_kulemt_opt_bind_dim=\dimen141
\l_kulemt_opt_acyear_int=\count197
(/usr/local/texlive/2025/texmf-dist/tex/latex/memoir/memoir.cls
Document Class: memoir 2025/03/06 v3.8.3 configurable book, report, article doc
ument class
(/usr/local/texlive/2025/texmf-dist/tex/latex/xpatch/xpatch.sty
(/usr/local/texlive/2025/texmf-dist/tex/latex/l3kernel/expl3.sty
Package: expl3 2025-01-18 L3 programming layer (loader) 

(/usr/local/texlive/2025/texmf-dist/tex/latex/l3backend/l3backend-pdftex.def
File: l3backend-pdftex.def 2024-05-08 L3 backend support: PDF output (pdfTeX)
\l__color_backend_stack_int=\count198
\l__pdf_internal_box=\box52
))
Package: xpatch 2020/03/25 v0.3a Extending etoolbox patching commands

(/usr/local/texlive/2025/texmf-dist/tex/latex/l3packages/xparse/xparse.sty
Package: xparse 2024-08-16 L3 Experimental document command parser
)
(/usr/local/texlive/2025/texmf-dist/tex/latex/etoolbox/etoolbox.sty
Package: etoolbox 2025/02/11 v2.5l e-TeX tools for LaTeX (JAW)
\etb@tempcnta=\count199
))
\onelineskip=\skip49
\lxvchars=\skip50
\xlvchars=\skip51
\@memcnta=\count266
\c@@memmarkcntra=\count267

(/usr/local/texlive/2025/texmf-dist/tex/generic/iftex/iftex.sty
Package: iftex 2024/12/12 v1.0g TeX engine tests
)
\trimtop=\skip52
\trimedge=\skip53

(/usr/local/texlive/2025/texmf-dist/tex/latex/memoir/mem11.clo
File: mem11.clo 2022/07/29 v0.5 memoir class 11pt size option
LaTeX Font Info:    Trying to load font information for T1+lmr on input line 38
.

(/usr/local/texlive/2025/texmf-dist/tex/latex/lm/t1lmr.fd
File: t1lmr.fd 2015/05/01 v1.6.1 Font defs for Latin Modern
))
\binding=\skip54
\spinemargin=\skip55
\foremargin=\skip56
\uppermargin=\skip57
\lowermargin=\skip58
\headdrop=\skip59
\normalrulethickness=\skip60
\mem@maxheadheight=\skip61
\mem@maxfootheight=\skip62
\headwidth=\skip63
\c@storedpagenumber=\count268
\memPD=\dimen142
\m@mabparskip=\skip64
\thanksmarkwidth=\skip65
\thanksmarksep=\skip66
\droptitle=\skip67
\c@book=\count269
\c@part=\count270
\c@chapter=\count271
\c@section=\count272
\c@subsection=\count273
\c@subsubsection=\count274
\c@paragraph=\count275
\c@subparagraph=\count276
\beforechapskip=\skip68
\midchapskip=\skip69
\afterchapskip=\skip70
\chapindent=\skip71
\bottomsectionskip=\skip72
\secindent=\skip73
\beforesecskip=\skip74
\aftersecskip=\skip75
\subsecindent=\skip76
\beforesubsecskip=\skip77
\aftersubsecskip=\skip78
\subsubsecindent=\skip79
\beforesubsubsecskip=\skip80
\aftersubsubsecskip=\skip81
\paraindent=\skip82
\beforeparaskip=\skip83
\afterparaskip=\skip84
\subparaindent=\skip85
\beforesubparaskip=\skip86
\aftersubparaskip=\skip87
\pfbreakskip=\skip88
\c@@ppsavesec=\count277
\c@@ppsaveapp=\count278
\ragrparindent=\dimen143
\everylistparindent=\dimen144
\parsepi=\skip89
\topsepi=\skip90
\itemsepi=\skip91
\parsepii=\skip92
\topsepii=\skip93
\topsepiii=\skip94
\itemsepii=\skip95
\itemsepiii=\skip96
\partopsepii=\skip97
\partopsepiii=\skip98
\m@msavetopsep=\skip99
\m@msavepartopsep=\skip100
\@enLab=\toks17
\abstitleskip=\skip101
\absleftindent=\skip102
\abs@leftindent=\dimen145
\absrightindent=\skip103
\absparindent=\skip104
\absparsep=\skip105
\c@vslineno=\count279
\c@poemline=\count280
\c@modulo@vs=\count281
\c@memfvsline=\count282
\vleftskip=\skip106
\vrightskip=\skip107
\stanzaskip=\skip108
\versewidth=\skip109
\vgap=\skip110
\vindent=\skip111
\vleftmargin=\dimen146
\c@verse=\count283
\c@chrsinstr=\count284
\beforepoemtitleskip=\skip112
\afterpoemtitleskip=\skip113
\c@poem=\count285
\beforePoemTitleskip=\skip114
\midPoemTitleskip=\skip115
\afterPoemTitleskip=\skip116

(/usr/local/texlive/2025/texmf-dist/tex/latex/tools/array.sty
Package: array 2024/10/17 v2.6g Tabular extension package (FMi)
\col@sep=\dimen147
\ar@mcellbox=\box53
\extrarowheight=\dimen148
\NC@list=\toks18
\extratabsurround=\skip117
\backup@length=\skip118
\ar@cellbox=\box54
)
(/usr/local/texlive/2025/texmf-dist/tex/latex/tools/dcolumn.sty
Package: dcolumn 2023/07/08 v1.06 decimal alignment package (DPC)
)
(/usr/local/texlive/2025/texmf-dist/tex/latex/tools/delarray.sty
Package: delarray 2014/10/28 v1.01 array delimiter package (DPC)
)
(/usr/local/texlive/2025/texmf-dist/tex/latex/tools/tabularx.sty
Package: tabularx 2023/12/11 v2.12a `tabularx' package (DPC)
\TX@col@width=\dimen149
\TX@old@table=\dimen150
\TX@old@col=\dimen151
\TX@target=\dimen152
\TX@delta=\dimen153
\TX@cols=\count286
\TX@ftn=\toks19
)
(/usr/local/texlive/2025/texmf-dist/tex/latex/booktabs/booktabs.sty
Package: booktabs 2020/01/12 v1.61803398 Publication quality tables
\heavyrulewidth=\dimen154
\lightrulewidth=\dimen155
\cmidrulewidth=\dimen156
\belowrulesep=\dimen157
\belowbottomsep=\dimen158
\aboverulesep=\dimen159
\abovetopsep=\dimen160
\cmidrulesep=\dimen161
\cmidrulekern=\dimen162
\defaultaddspace=\dimen163
\@cmidla=\count287
\@cmidlb=\count288
\@aboverulesep=\dimen164
\@belowrulesep=\dimen165
\@thisruleclass=\count289
\@lastruleclass=\count290
\@thisrulewidth=\dimen166
)
\ctableftskip=\skip119
\ctabrightskip=\skip120
\abovecolumnspenalty=\count291
\@linestogo=\count292
\@cellstogo=\count293
\@cellsincolumn=\count294
\crtok=\toks20
\@mincolumnwidth=\dimen167
\c@newflo@tctr=\count295
\mem@margin@floatbox=\box55
\@contcwidth=\skip121
\@contindw=\skip122
\abovecaptionskip=\skip123
\belowcaptionskip=\skip124
\subfloattopskip=\skip125
\subfloatcapskip=\skip126
\subfloatcaptopadj=\skip127
\subfloatbottomskip=\skip128
\subfloatlabelskip=\skip129
\subfloatcapmargin=\dimen168
\c@@contsubnum=\count296
\m@mscap@capbox=\box56
\m@mscap@fbox=\box57
\sidecapsep=\dimen169
\sidecapwidth=\dimen170
\m@m@tempdima=\dimen171
\m@mscapraise=\dimen172
\sidecapraise=\dimen173
\m@mscapmainwidth=\dimen174
\m@mscaplkern=\dimen175
\beforeepigraphskip=\skip130
\afterepigraphskip=\skip131
\epigraphwidth=\skip132
\epigraphrule=\skip133
LaTeX Info: Redefining \em on input line 7017.
LaTeX Info: Redefining \emph on input line 7025.

(/usr/local/texlive/2025/texmf-dist/tex/latex/hyperref/nameref.sty
Package: nameref 2023-11-26 v2.56 Cross-referencing by name of section

(/usr/local/texlive/2025/texmf-dist/tex/latex/refcount/refcount.sty
Package: refcount 2019/12/15 v3.6 Data extraction from label references (HO)

(/usr/local/texlive/2025/texmf-dist/tex/generic/ltxcmds/ltxcmds.sty
Package: ltxcmds 2023-12-04 v1.26 LaTeX kernel commands for general use (HO)
)
(/usr/local/texlive/2025/texmf-dist/tex/generic/infwarerr/infwarerr.sty
Package: infwarerr 2019/12/03 v1.5 Providing info/warning/error messages (HO)
))
(/usr/local/texlive/2025/texmf-dist/tex/generic/gettitlestring/gettitlestring.s
ty
Package: gettitlestring 2019/12/15 v1.6 Cleanup title references (HO)
 (/usr/local/texlive/2025/texmf-dist/tex/latex/kvoptions/kvoptions.sty
Package: kvoptions 2022-06-15 v3.15 Key value format for package options (HO)

(/usr/local/texlive/2025/texmf-dist/tex/latex/graphics/keyval.sty
Package: keyval 2022/05/29 v1.15 key=value parser (DPC)
\KV@toks@=\toks21
)
(/usr/local/texlive/2025/texmf-dist/tex/latex/kvsetkeys/kvsetkeys.sty
Package: kvsetkeys 2022-10-05 v1.19 Key value parser (HO)
)))
\c@section@level=\count297
)
\tocentryskip=\skip134
\tocbaseline=\skip135
\cftparskip=\skip136
\cftbeforebookskip=\skip137
\cftbookindent=\dimen176
\cftbooknumwidth=\dimen177
\cftbeforepartskip=\skip138
\cftpartindent=\skip139
\cftpartnumwidth=\skip140
\cftbeforechapterskip=\skip141
\cftchapterindent=\skip142
\cftchapternumwidth=\skip143
\cftbeforesectionskip=\skip144
\cftsectionindent=\skip145
\cftsectionnumwidth=\skip146
\cftbeforesubsectionskip=\skip147
\cftsubsectionindent=\skip148
\cftsubsectionnumwidth=\skip149
\cftbeforesubsubsectionskip=\skip150
\cftsubsubsectionindent=\skip151
\cftsubsubsectionnumwidth=\skip152
\cftbeforeparagraphskip=\skip153
\cftparagraphindent=\skip154
\cftparagraphnumwidth=\skip155
\cftbeforesubparagraphskip=\skip156
\cftsubparagraphindent=\skip157
\cftsubparagraphnumwidth=\skip158
\prechapterprecisshift=\dimen178
\c@maxsecnumdepth=\count298
\bibindent=\dimen179
\bibitemsep=\skip159
\indexcolsep=\skip160
\indexrule=\skip161
\indexmarkstyle=\toks22
\@indexbox=\insert252
LaTeX Info: Redefining \raggedbottom on input line 8107.
LaTeX Info: Redefining \flushbottom on input line 8111.
\glossarycolsep=\dimen180
\glossaryrule=\dimen181
\sideparvshift=\skip162
\sideins=\insert251
\sidebartopsep=\skip163
\sidebarhsep=\skip164
\sidebarvsep=\skip165
\sidebarwidth=\skip166
\footmarkwidth=\skip167
\footmarksep=\skip168
\footparindent=\skip169
\footinsdim=\skip170
\footinsv@r=\insert250
\@mpfootinsv@r=\insert249
\m@m@k=\count299
\m@m@h=\dimen182
\m@mipn@skip=\skip171
\sidefootins=\insert248
\sidefootadjust=\skip172
\sidefootheight=\skip173
\sidefoothsep=\skip174
\sidefootvsep=\skip175
\sidefootwidth=\skip176
\m@mdownsf=\skip177
\c@sidefootnote=\count300
\sidefootmarkwidth=\skip178
\sidefootmarksep=\skip179
\sidefootparindent=\skip180
\c@pagenote=\count301
\c@pagenoteshadow=\count302
\mem@pn@lastkern=\skip181

(/usr/local/texlive/2025/texmf-dist/tex/latex/tools/verbatim.sty
Package: verbatim 2024-01-22 v1.5x LaTeX2e package for verbatim enhancements
\every@verbatim=\toks23
\verbatim@line=\toks24
\verbatim@in@stream=\read2
)
\verbatimindent=\skip182
\verbatim@out=\write3

(/usr/local/texlive/2025/texmf-dist/tex/latex/base/shortvrb.sty
Package: shortvrb 2024/10/23 v3.0q Standard LaTeX documentation package V3 (FMi
)
)
\bvboxsep=\skip183
\c@memfbvline=\count303
\c@bvlinectr=\count304
\bvnumlength=\skip184
\fb@frw=\dimen183
\fb@frh=\dimen184
\FrameRule=\dimen185
\FrameSep=\dimen186
\c@cp@cntr=\count305
\c@ism@mctr=\count306
\c@xsm@mctr=\count307
\c@csm@mctr=\count308
\c@ksm@mctr=\count309
\c@xksm@mctr=\count310
\c@cksm@mctr=\count311
\c@msm@mctr=\count312
\c@xmsm@mctr=\count313
\c@cmsm@mctr=\count314
\c@bsm@mctr=\count315
\c@workm@mctr=\count316
\c@sheetsequence=\count317
\c@lastsheet=\count318
\c@lastpage=\count319

(/usr/local/texlive/2025/texmf-dist/tex/latex/textcase/textcase.sty
Package: textcase 2025/02/16 v1.05 Text only upper/lower case changing (DPC)
Package textcase Info: Defining Legacy names on input line 20.
)
\c@figure=\count320
\c@lofdepth=\count321
\cftbeforefigureskip=\skip185
\cftfigureindent=\skip186
\cftfigurenumwidth=\skip187
\c@table=\count322
\c@lotdepth=\count323
\cftbeforetableskip=\skip188
\cfttableindent=\skip189
\cfttablenumwidth=\skip190
Package abstract [2008/07/23] emulated by memoir.
Package appendix [2008/07/23] emulated by memoir.
Package ccaption [2008/07/23] emulated by memoir.
Package changepage [2008/07/23] emulated by memoir.
Package chngcntr [2008/07/23] emulated by memoir.
Package chngpage [2008/07/23] emulated by memoir.
Package crop emulated by memoir.
Package enumerate [2008/07/23] emulated by memoir.
Package epigraph [2008/07/23] emulated by memoir.
Package ifmtarg [2008/07/23] emulated by memoir.
Package index [2008/07/23] emulated by memoir.
Package makeidx [2008/07/23] emulated by memoir.
Package moreverb [2008/07/23] emulated by memoir.
Package needspace [2008/07/23] emulated by memoir.
Package newfile [2008/07/23] emulated by memoir.
Package nextpage [2008/07/23] emulated by memoir.
Package pagenote [2008/07/23] emulated by memoir.
Package parskip [2008/07/23] emulated by memoir.
Package patchcmd [2008/07/23] emulated by memoir.
Package setspace [2008/07/23] emulated by memoir.
Package showidx [2008/07/23] emulated by memoir.
Package titleref [2008/07/23] emulated by memoir.
Package titling [2008/07/23] emulated by memoir.
Package tocbibind [2008/07/23] emulated by memoir.
Package tocloft [2008/07/23] emulated by memoir.
Package tocvsec2 [2008/07/23] emulated by memoir.
Package verse [2008/07/23] emulated by memoir.
)
(/usr/local/texlive/2025/texmf-dist/tex/generic/babel/babel.sty
Package: babel 2025/02/14 v25.4 The multilingual framework for pdfLaTeX, LuaLaT
eX and XeLaTeX
\babel@savecnt=\count324
\U@D=\dimen187
\l@unhyphenated=\language90

(/usr/local/texlive/2025/texmf-dist/tex/generic/babel/txtbabel.def)
\bbl@readstream=\read3
\bbl@dirlevel=\count325
Package babel Info: Main language set with 'main='. Except if you have
(babel)             problems, prefer the default mechanism for setting
(babel)             the main language, i.e., as the last declared.
(babel)             Reported on input line 4095.

(/usr/local/texlive/2025/texmf-dist/tex/generic/babel-english/english.ldf
Language: english 2017/06/06 v3.3r English support from the babel system
Package babel Info: Hyphen rules for 'canadian' set to \l@english
(babel)             (\language0). Reported on input line 102.
Package babel Info: Hyphen rules for 'australian' set to \l@ukenglish
(babel)             (\language22). Reported on input line 105.
Package babel Info: Hyphen rules for 'newzealand' set to \l@ukenglish
(babel)             (\language22). Reported on input line 108.
))
(/usr/local/texlive/2025/texmf-dist/tex/generic/babel/locale/en/babel-english.t
ex
Package babel Info: Importing font and identification data for english
(babel)             from babel-en.ini. Reported on input line 11.
) (/usr/local/texlive/2025/texmf-dist/tex/latex/graphics/graphicx.sty
Package: graphicx 2021/09/16 v1.2d Enhanced LaTeX Graphics (DPC,SPQR)

(/usr/local/texlive/2025/texmf-dist/tex/latex/graphics/graphics.sty
Package: graphics 2024/08/06 v1.4g Standard LaTeX Graphics (DPC,SPQR)

(/usr/local/texlive/2025/texmf-dist/tex/latex/graphics/trig.sty
Package: trig 2023/12/02 v1.11 sin cos tan (DPC)
)
(/usr/local/texlive/2025/texmf-dist/tex/latex/graphics-cfg/graphics.cfg
File: graphics.cfg 2016/06/04 v1.11 sample graphics configuration
)
Package graphics Info: Driver file: pdftex.def on input line 106.

(/usr/local/texlive/2025/texmf-dist/tex/latex/graphics-def/pdftex.def
File: pdftex.def 2024/04/13 v1.2c Graphics/color driver for pdftex
))
\Gin@req@height=\dimen188
\Gin@req@width=\dimen189
))
(/usr/local/texlive/2025/texmf-dist/tex/latex/hyperref/hyperref.sty
Package: hyperref 2024-11-05 v7.01l Hypertext links for LaTeX

(/usr/local/texlive/2025/texmf-dist/tex/generic/kvdefinekeys/kvdefinekeys.sty
Package: kvdefinekeys 2019-12-19 v1.6 Define keys (HO)
)
(/usr/local/texlive/2025/texmf-dist/tex/generic/pdfescape/pdfescape.sty
Package: pdfescape 2019/12/09 v1.15 Implements pdfTeX's escape features (HO)

(/usr/local/texlive/2025/texmf-dist/tex/generic/pdftexcmds/pdftexcmds.sty
Package: pdftexcmds 2020-06-27 v0.33 Utility functions of pdfTeX for LuaTeX (HO
)
Package pdftexcmds Info: \pdf@primitive is available.
Package pdftexcmds Info: \pdf@ifprimitive is available.
Package pdftexcmds Info: \pdfdraftmode found.
))
(/usr/local/texlive/2025/texmf-dist/tex/latex/hycolor/hycolor.sty
Package: hycolor 2020-01-27 v1.10 Color options for hyperref/bookmark (HO)
)
(/usr/local/texlive/2025/texmf-dist/tex/generic/stringenc/stringenc.sty
Package: stringenc 2019/11/29 v1.12 Convert strings between diff. encodings (HO
)
)
\@linkdim=\dimen190
\Hy@linkcounter=\count326
\Hy@pagecounter=\count327

(/usr/local/texlive/2025/texmf-dist/tex/latex/hyperref/pd1enc.def
File: pd1enc.def 2024-11-05 v7.01l Hyperref: PDFDocEncoding definition (HO)
Now handling font encoding PD1 ...
... no UTF-8 mapping file for font encoding PD1
)
(/usr/local/texlive/2025/texmf-dist/tex/generic/intcalc/intcalc.sty
Package: intcalc 2019/12/15 v1.3 Expandable calculations with integers (HO)
)
\Hy@SavedSpaceFactor=\count328

(/usr/local/texlive/2025/texmf-dist/tex/latex/hyperref/puenc.def
File: puenc.def 2024-11-05 v7.01l Hyperref: PDF Unicode definition (HO)
Now handling font encoding PU ...
... no UTF-8 mapping file for font encoding PU
)
Package hyperref Info: Option `pdfusetitle' set `true' on input line 4040.
Package hyperref Info: Option `colorlinks' set `true' on input line 4040.
Package hyperref Info: Option `plainpages' set `false' on input line 4040.
Package hyperref Info: Hyper figures OFF on input line 4157.
Package hyperref Info: Link nesting OFF on input line 4162.
Package hyperref Info: Hyper index ON on input line 4165.
Package hyperref Info: Plain pages OFF on input line 4172.
Package hyperref Info: Backreferencing OFF on input line 4177.
Package hyperref Info: Implicit mode ON; LaTeX internals redefined.
Package hyperref Info: Bookmarks ON on input line 4424.
\c@Hy@tempcnt=\count329

(/usr/local/texlive/2025/texmf-dist/tex/latex/url/url.sty
\Urlmuskip=\muskip17
Package: url 2013/09/16  ver 3.4  Verb mode for urls, etc.
)
LaTeX Info: Redefining \url on input line 4763.
\XeTeXLinkMargin=\dimen191

(/usr/local/texlive/2025/texmf-dist/tex/generic/bitset/bitset.sty
Package: bitset 2019/12/09 v1.3 Handle bit-vector datatype (HO)

(/usr/local/texlive/2025/texmf-dist/tex/generic/bigintcalc/bigintcalc.sty
Package: bigintcalc 2019/12/15 v1.5 Expandable calculations on big integers (HO
)
))
\Fld@menulength=\count330
\Field@Width=\dimen192
\Fld@charsize=\dimen193
Package hyperref Info: Hyper figures OFF on input line 6042.
Package hyperref Info: Link nesting OFF on input line 6047.
Package hyperref Info: Hyper index ON on input line 6050.
Package hyperref Info: backreferencing OFF on input line 6057.
Package hyperref Info: Link coloring ON on input line 6060.
Package hyperref Info: Link coloring with OCG OFF on input line 6067.
Package hyperref Info: PDF/A mode OFF on input line 6072.

(/usr/local/texlive/2025/texmf-dist/tex/latex/base/atbegshi-ltx.sty
Package: atbegshi-ltx 2021/01/10 v1.0c Emulation of the original atbegshi
package with kernel methods
)
\Hy@abspage=\count331
\c@Item=\count332
\c@Hfootnote=\count333
)
Package hyperref Info: Driver (autodetected): hpdftex.

(/usr/local/texlive/2025/texmf-dist/tex/latex/hyperref/hpdftex.def
File: hpdftex.def 2024-11-05 v7.01l Hyperref driver for pdfTeX

(/usr/local/texlive/2025/texmf-dist/tex/latex/base/atveryend-ltx.sty
Package: atveryend-ltx 2020/08/19 v1.0a Emulation of the original atveryend pac
kage
with kernel methods
)
\Fld@listcount=\count334
\c@bookmark@seq@number=\count335

(/usr/local/texlive/2025/texmf-dist/tex/latex/rerunfilecheck/rerunfilecheck.sty
Package: rerunfilecheck 2022-07-10 v1.10 Rerun checks for auxiliary files (HO)

(/usr/local/texlive/2025/texmf-dist/tex/generic/uniquecounter/uniquecounter.sty
Package: uniquecounter 2019/12/15 v1.4 Provide unlimited unique counter (HO)
)
Package uniquecounter Info: New unique counter `rerunfilecheck' on input line 2
85.
)
\Hy@SectionHShift=\skip191
) (/usr/local/texlive/2025/texmf-dist/tex/latex/memoir/memhfixc.sty
Package: memhfixc 2025/03/06 v1.23 hyperref package fixes for memoir class
\c@memhycontfloat=\count336
\c@mem@Hpagenote=\count337
)
(/usr/local/texlive/2025/texmf-dist/tex/latex/xcolor/xcolor.sty
Package: xcolor 2024/09/29 v3.02 LaTeX color extensions (UK)

(/usr/local/texlive/2025/texmf-dist/tex/latex/graphics-cfg/color.cfg
File: color.cfg 2016/01/02 v1.6 sample color configuration
)
Package xcolor Info: Driver file: pdftex.def on input line 274.

(/usr/local/texlive/2025/texmf-dist/tex/latex/graphics/mathcolor.ltx)
Package xcolor Info: Model `cmy' substituted by `cmy0' on input line 1349.
Package xcolor Info: Model `hsb' substituted by `rgb' on input line 1353.
Package xcolor Info: Model `RGB' extended on input line 1365.
Package xcolor Info: Model `HTML' substituted by `rgb' on input line 1367.
Package xcolor Info: Model `Hsb' substituted by `hsb' on input line 1368.
Package xcolor Info: Model `tHsb' substituted by `hsb' on input line 1369.
Package xcolor Info: Model `HSB' substituted by `hsb' on input line 1370.
Package xcolor Info: Model `Gray' substituted by `gray' on input line 1371.
Package xcolor Info: Model `wave' substituted by `hsb' on input line 1372.
)
(/usr/local/texlive/2025/texmf-dist/tex/latex/colortbl/colortbl.sty
Package: colortbl 2024/07/06 v1.0i Color table columns (DPC)
\everycr=\toks25
\minrowclearance=\skip192
\rownum=\count338
)
(/usr/local/texlive/2025/texmf-dist/tex/latex/xltabular/xltabular.sty
Package: xltabular 2025/02/28 v0.2i `xltabular' package (hv,RN)

(/usr/local/texlive/2025/texmf-dist/tex/latex/ltablex/ltablex.sty
Package: ltablex 2014/08/13 v1.1 Modified tabularx

(/usr/local/texlive/2025/texmf-dist/tex/latex/tools/longtable.sty
Package: longtable 2024-10-27 v4.22 Multi-page Table package (DPC)
\LTleft=\skip193
\LTright=\skip194
\LTpre=\skip195
\LTpost=\skip196
\LTchunksize=\count339
\LTcapwidth=\dimen194
\LT@head=\box58
\LT@firsthead=\box59
\LT@foot=\box60
\LT@lastfoot=\box61
\LT@gbox=\box62
\LT@cols=\count340
\LT@rows=\count341
\c@LT@tables=\count342
\c@LT@chunks=\count343
\LT@p@ftn=\toks26
)))
(/usr/local/texlive/2025/texmf-dist/tex/latex/enumitem/enumitem.sty
Package: enumitem 2025/02/06 v3.11 Customized lists
\labelindent=\skip197
\enit@outerparindent=\dimen195
\enit@toks=\toks27
\enit@inbox=\box63
\enit@count@id=\count344
\enitdp@description=\count345
)
(/usr/local/texlive/2025/texmf-dist/tex/latex/stmaryrd/stmaryrd.sty
Package: stmaryrd 1994/03/03 St Mary's Road symbol package
\symstmry=\mathgroup4
LaTeX Font Info:    Overwriting symbol font `stmry' in version `bold'
(Font)                  U/stmry/m/n --> U/stmry/b/n on input line 89.
)
(/usr/local/texlive/2025/texmf-dist/tex/latex/placeins/placeins.sty
Package: placeins 2005/04/18  v 2.2
)
(/usr/local/texlive/2025/texmf-dist/tex/latex/pdflscape/pdflscape.sty
Package: pdflscape 2022-10-27 v0.13 Display of landscape pages in PDF

(/usr/local/texlive/2025/texmf-dist/tex/latex/pdflscape/pdflscape-nometadata.st
y
Package: pdflscape-nometadata 2022-10-28 v0.13 Display of landscape pages in PD
F (HO)
 (/usr/local/texlive/2025/texmf-dist/tex/latex/graphics/lscape.sty
Package: lscape 2020/05/28 v3.02 Landscape Pages (DPC)
)
Package pdflscape Info: Auto-detected driver: pdftex on input line 81.
))
(/usr/local/texlive/2025/texmf-dist/tex/latex/caption/subcaption.sty
Package: subcaption 2023/07/28 v1.6b Sub-captions (AR)

(/usr/local/texlive/2025/texmf-dist/tex/latex/caption/caption.sty
Package: caption 2023/08/05 v3.6o Customizing captions (AR)

(/usr/local/texlive/2025/texmf-dist/tex/latex/caption/caption3.sty
Package: caption3 2023/07/31 v2.4d caption3 kernel (AR)
\caption@tempdima=\dimen196
\captionmargin=\dimen197
\caption@leftmargin=\dimen198
\caption@rightmargin=\dimen199
\caption@width=\dimen256
\caption@indent=\dimen257
\caption@parindent=\dimen258
\caption@hangindent=\dimen259
Package caption Info: memoir document class detected.

(/usr/local/texlive/2025/texmf-dist/tex/latex/caption/caption-memoir.sto
File: caption-memoir.sto 2023/09/08 v2.2c Adaption of the caption package to th
e memoir document class (AR)
))
\c@caption@flags=\count346
\c@continuedfloat=\count347
Package caption Info: changepage package is loaded.
\caption@adjustwidth@hsize=\dimen260
\caption@adjustwidth@linewidth=\dimen261
Package caption Info: hyperref package is loaded.
Package caption Info: longtable package is loaded.

(/usr/local/texlive/2025/texmf-dist/tex/latex/caption/ltcaption.sty
Package: ltcaption 2021/01/08 v1.4c longtable captions (AR)
))
Package caption Info: New subtype `subfigure' on input line 238.
\c@subfigure=\count348
Package caption Info: New subtype `subtable' on input line 238.
\c@subtable=\count349
)
(/usr/local/texlive/2025/texmf-dist/tex/latex/amsmath/amsmath.sty
Package: amsmath 2024/11/05 v2.17t AMS math features
\@mathmargin=\skip198

For additional information on amsmath, use the `?' option.
(/usr/local/texlive/2025/texmf-dist/tex/latex/amsmath/amstext.sty
Package: amstext 2021/08/26 v2.01 AMS text

(/usr/local/texlive/2025/texmf-dist/tex/latex/amsmath/amsgen.sty
File: amsgen.sty 1999/11/30 v2.0 generic functions
\@emptytoks=\toks28
\ex@=\dimen262
))
(/usr/local/texlive/2025/texmf-dist/tex/latex/amsmath/amsbsy.sty
Package: amsbsy 1999/11/29 v1.2d Bold Symbols
\pmbraise@=\dimen263
)
(/usr/local/texlive/2025/texmf-dist/tex/latex/amsmath/amsopn.sty
Package: amsopn 2022/04/08 v2.04 operator names
)
\inf@bad=\count350
LaTeX Info: Redefining \frac on input line 233.
\uproot@=\count351
\leftroot@=\count352
LaTeX Info: Redefining \overline on input line 398.
LaTeX Info: Redefining \colon on input line 409.
\classnum@=\count353
\DOTSCASE@=\count354
LaTeX Info: Redefining \ldots on input line 495.
LaTeX Info: Redefining \dots on input line 498.
LaTeX Info: Redefining \cdots on input line 619.
\Mathstrutbox@=\box64
\strutbox@=\box65
LaTeX Info: Redefining \big on input line 721.
LaTeX Info: Redefining \Big on input line 722.
LaTeX Info: Redefining \bigg on input line 723.
LaTeX Info: Redefining \Bigg on input line 724.
\big@size=\dimen264
LaTeX Font Info:    Redeclaring font encoding OML on input line 742.
LaTeX Font Info:    Redeclaring font encoding OMS on input line 743.
\macc@depth=\count355
LaTeX Info: Redefining \bmod on input line 904.
LaTeX Info: Redefining \pmod on input line 909.
LaTeX Info: Redefining \smash on input line 939.
LaTeX Info: Redefining \relbar on input line 969.
LaTeX Info: Redefining \Relbar on input line 970.
\c@MaxMatrixCols=\count356
\dotsspace@=\muskip18
\c@parentequation=\count357
\dspbrk@lvl=\count358
\tag@help=\toks29
\row@=\count359
\column@=\count360
\maxfields@=\count361
\andhelp@=\toks30
\eqnshift@=\dimen265
\alignsep@=\dimen266
\tagshift@=\dimen267
\tagwidth@=\dimen268
\totwidth@=\dimen269
\lineht@=\dimen270
\@envbody=\toks31
\multlinegap=\skip199
\multlinetaggap=\skip256
\mathdisplay@stack=\toks32
LaTeX Info: Redefining \[ on input line 2953.
LaTeX Info: Redefining \] on input line 2954.
)
(/usr/local/texlive/2025/texmf-dist/tex/latex/listings/listings.sty
\lst@mode=\count362
\lst@gtempboxa=\box66
\lst@token=\toks33
\lst@length=\count363
\lst@currlwidth=\dimen271
\lst@column=\count364
\lst@pos=\count365
\lst@lostspace=\dimen272
\lst@width=\dimen273
\lst@newlines=\count366
\lst@lineno=\count367
\lst@maxwidth=\dimen274

(/usr/local/texlive/2025/texmf-dist/tex/latex/listings/lstpatch.sty
File: lstpatch.sty 2024/09/23 1.10c (Carsten Heinz)
)
(/usr/local/texlive/2025/texmf-dist/tex/latex/listings/lstmisc.sty
File: lstmisc.sty 2024/09/23 1.10c (Carsten Heinz)
\c@lstnumber=\count368
\lst@skipnumbers=\count369
\lst@framebox=\box67
)
(/usr/local/texlive/2025/texmf-dist/tex/latex/listings/listings.cfg
File: listings.cfg 2024/09/23 1.10c listings configuration
))
Package: listings 2024/09/23 1.10c (Carsten Heinz)

(/usr/local/texlive/2025/texmf-dist/tex/latex/base/inputenc.sty
Package: inputenc 2024/02/08 v1.3d Input encoding file
\inpenc@prehook=\toks34
\inpenc@posthook=\toks35
)
   defining Unicode char U+00A0 (decimal 160)
   defining Unicode char U+200B (decimal 8203)
   defining Unicode char U+202F (decimal 8239)

(/usr/local/texlive/2025/texmf-dist/tex/latex/listings/lstlang1.sty
File: lstlang1.sty 2024/09/23 1.10c listings language file
)
(/usr/local/texlive/2025/texmf-dist/tex/latex/lipsum/lipsum.sty
(/usr/local/texlive/2025/texmf-dist/tex/latex/l3packages/l3keys2e/l3keys2e.sty
Package: l3keys2e 2024-08-16 LaTeX2e option processing using LaTeX3 keys
)
Package: lipsum 2021-09-20 v2.7 150 paragraphs of Lorem Ipsum dummy text
\g__lipsum_par_int=\count370
\l__lipsum_a_int=\count371
\l__lipsum_b_int=\count372
(/usr/local/texlive/2025/texmf-dist/tex/latex/lipsum/lipsum.ltd.tex))

******************************************************
Stock height and width: 845.04684pt by 597.50787pt
Top and edge trims: 0pt and 0pt
Page height and width: 845.04684pt by 597.50787pt
Text height and width: 609.40027pt by 398pt
Spine and edge margins: 99.58466pt and 99.58466pt
Upper and lower margins: 106.09436pt and 129.55222pt
Headheight and headsep: 28pt and 19.8738pt
Footskip: 27.46295pt
Columnsep and columnseprule: 10pt and 0pt
Marginparsep and marginparwidth: 16.31996pt and 66.94473pt
Sidecapsep and sidecapwidth: 7pt and 101pt
Sidebarhsep and sidebarwidth: 7pt and 101pt
Sidebarvsep and sidebartopsep: 13.6pt and 0pt
Sidebarheight: 594.32022pt
Sidefoothsep and sidefootwidth: 7pt and 101pt
Sidefootvsep and sidefootheight: 13.6pt and 594.32022pt
******************************************************

(/usr/local/texlive/2025/texmf-dist/tex/latex/base/textcomp.sty
Package: textcomp 2024/04/24 v2.1b Standard LaTeX package
)
LaTeX Font Info:    Setting kulemtfpf sub-encoding to TS1/0 on input line 64.
 (./thesis.aux
(./chapter-1-introduction.aux) (./chapter-2.aux) (./chapter-3.aux)
(./chapter-4.aux) (./chapter-5.aux) (./chapter-6-conclusion.aux)
(./appendix-1.aux) (./appendix-2.aux) (./appendix-3.aux) (./appendix-4.aux)
(./CoC.aux))
\openout1 = `thesis.aux'.

LaTeX Font Info:    Checking defaults for OML/cmm/m/it on input line 64.
LaTeX Font Info:    ... okay on input line 64.
LaTeX Font Info:    Checking defaults for OMS/cmsy/m/n on input line 64.
LaTeX Font Info:    ... okay on input line 64.
LaTeX Font Info:    Checking defaults for OT1/cmr/m/n on input line 64.
LaTeX Font Info:    ... okay on input line 64.
LaTeX Font Info:    Checking defaults for T1/cmr/m/n on input line 64.
LaTeX Font Info:    ... okay on input line 64.
LaTeX Font Info:    Checking defaults for TS1/cmr/m/n on input line 64.
LaTeX Font Info:    ... okay on input line 64.
LaTeX Font Info:    Checking defaults for OMX/cmex/m/n on input line 64.
LaTeX Font Info:    ... okay on input line 64.
LaTeX Font Info:    Checking defaults for U/cmr/m/n on input line 64.
LaTeX Font Info:    ... okay on input line 64.
LaTeX Font Info:    Checking defaults for PD1/pdf/m/n on input line 64.
LaTeX Font Info:    ... okay on input line 64.
LaTeX Font Info:    Checking defaults for PU/pdf/m/n on input line 64.
LaTeX Font Info:    ... okay on input line 64.

(/usr/local/texlive/2025/texmf-dist/tex/context/base/mkii/supp-pdf.mkii
[Loading MPS to PDF converter (version 2006.09.02).]
\scratchcounter=\count373
\scratchdimen=\dimen275
\scratchbox=\box68
\nofMPsegments=\count374
\nofMParguments=\count375
\everyMPshowfont=\toks36
\MPscratchCnt=\count376
\MPscratchDim=\dimen276
\MPnumerator=\count377
\makeMPintoPDFobject=\count378
\everyMPtoPDFconversion=\toks37
) (/usr/local/texlive/2025/texmf-dist/tex/latex/epstopdf-pkg/epstopdf-base.sty
Package: epstopdf-base 2020-01-24 v2.11 Base part for package epstopdf
Package epstopdf-base Info: Redefining graphics rule for `.eps' on input line 4
85.

(/usr/local/texlive/2025/texmf-dist/tex/latex/latexconfig/epstopdf-sys.cfg
File: epstopdf-sys.cfg 2010/07/13 v1.3 Configuration of (r)epstopdf for TeX Liv
e
))
Package hyperref Info: Link coloring ON on input line 64.

(./thesis.out) (./thesis.out)
\@outlinefile=\write4
\openout4 = `thesis.out'.

Package caption Info: Begin \AtBeginDocument code.
Package caption Info: listings package is loaded.
Package caption Info: End \AtBeginDocument code.
\c@lstlisting=\count379
<logokuleng-en.pdf, id=257, 216.81pt x 99.9735pt>
File: logokuleng-en.pdf Graphic file (type pdf)
<use logokuleng-en.pdf>
Package pdftex.def Info: logokuleng-en.pdf  used on input line 64.
(pdftex.def)             Requested size: 216.80946pt x 99.97324pt.


[-1


{/usr/local/texlive/2025/texmf-var/fonts/map/pdftex/updmap/pdftex.map}{/usr/loc
al/texlive/2025/texmf-dist/fonts/enc/dvips/tex-gyre/q-ec.enc} <./logokuleng-en.
pdf>]

[0


{/usr/local/texlive/2025/texmf-dist/fonts/enc/dvips/tex-gyre/q-ts1.enc}]

[1



{/usr/local/texlive/2025/texmf-dist/fonts/enc/dvips/lm/lm-ec.enc}]
(./thesis.toc
LaTeX Font Info:    Trying to load font information for U+stmry on input line 8
.
 (/usr/local/texlive/2025/texmf-dist/tex/latex/stmaryrd/Ustmry.fd)
Overfull \hbox (0.1675pt too wide) detected at line 11
 \T1/lmr/bx/n/10.95 viii
 []



[2


])

[3]
Overfull \hbox (3.92175pt too wide) in paragraph at lines 84--85
[]\T1/lmr/m/n/10.95 This the-sis de-vel-ops and im-ple-ments a density-based to
pol-ogy op-ti-miza-tion frame-
 []



[4

] (./thesis.lof
Underfull \vbox (badness 7468) has occurred while \output is active []



[5


]) (./thesis.lot
Underfull \vbox (badness 10000) has occurred while \output is active []



[6])

[7]
Underfull \vbox (badness 10000) has occurred while \output is active []



[8

]
Underfull \vbox (badness 10000) has occurred while \output is active []



[9]

[10]
\openout2 = `chapter-1-introduction.aux'.

 (./chapter-1-introduction.tex

[1



]
<example-image.pdf, id=566, 321.2pt x 240.9pt>
File: example-image.pdf Graphic file (type pdf)
<use example-image.pdf>
Package pdftex.def Info: example-image.pdf  used on input line 20.
(pdftex.def)             Requested size: 127.36292pt x 95.52019pt.
File: example-image.pdf Graphic file (type pdf)
<use example-image.pdf>
Package pdftex.def Info: example-image.pdf  used on input line 27.
(pdftex.def)             Requested size: 127.36292pt x 95.52019pt.
File: example-image.pdf Graphic file (type pdf)
<use example-image.pdf>
Package pdftex.def Info: example-image.pdf  used on input line 34.
(pdftex.def)             Requested size: 127.36292pt x 95.52019pt.


[2 </usr/local/texlive/2025/texmf-dist/tex/latex/mwe/example-image.pdf>]
<Figures/Figures-Ch1/Manifold-TO-domain.png, id=588, 577.15625pt x 582.175pt>
File: Figures/Figures-Ch1/Manifold-TO-domain.png Graphic file (type png)
<use Figures/Figures-Ch1/Manifold-TO-domain.png>
Package pdftex.def Info: Figures/Figures-Ch1/Manifold-TO-domain.png  used on in
put line 52.
(pdftex.def)             Requested size: 159.19757pt x 160.58275pt.
<Figures/Figures-Ch1/Manifold-TO-solution.png, id=590, 1084.05pt x 418.56375pt>

File: Figures/Figures-Ch1/Manifold-TO-solution.png Graphic file (type png)
<use Figures/Figures-Ch1/Manifold-TO-solution.png>
Package pdftex.def Info: Figures/Figures-Ch1/Manifold-TO-solution.png  used on 
input line 56.
(pdftex.def)             Requested size: 230.84073pt x 89.12723pt.


[3 <./Figures/Figures-Ch1/Manifold-TO-domain.png> <./Figures/Figures-Ch1/Manifo
ld-TO-solution.png>]
LaTeX Font Info:    Trying to load font information for T1+lmtt on input line 6
7.
 (/usr/local/texlive/2025/texmf-dist/tex/latex/lm/t1lmtt.fd
File: t1lmtt.fd 2015/05/01 v1.6.1 Font defs for Latin Modern
)

[4]
LaTeX Font Info:    Trying to load font information for TS1+lmr on input line 8
2.
 (/usr/local/texlive/2025/texmf-dist/tex/latex/lm/ts1lmr.fd
File: ts1lmr.fd 2015/05/01 v1.6.1 Font defs for Latin Modern
))

[5{/usr/local/texlive/2025/texmf-dist/fonts/enc/dvips/lm/lm-ts1.enc}]
\openout2 = `chapter-2.aux'.


(./chapter-2.tex

[6




]

[7]

[8]

[9]
File: example-image.pdf Graphic file (type pdf)
<use example-image.pdf>
Package pdftex.def Info: example-image.pdf  used on input line 89.
(pdftex.def)             Requested size: 318.40121pt x 238.80785pt.


[10]
File: example-image.pdf Graphic file (type pdf)
<use example-image.pdf>
Package pdftex.def Info: example-image.pdf  used on input line 100.
(pdftex.def)             Requested size: 278.59879pt x 208.9564pt.


[11]
File: example-image.pdf Graphic file (type pdf)
<use example-image.pdf>
Package pdftex.def Info: example-image.pdf  used on input line 119.
(pdftex.def)             Requested size: 191.0383pt x 143.28029pt.
File: example-image.pdf Graphic file (type pdf)
<use example-image.pdf>
Package pdftex.def Info: example-image.pdf  used on input line 126.
(pdftex.def)             Requested size: 191.0383pt x 143.28029pt.
File: example-image.pdf Graphic file (type pdf)
<use example-image.pdf>
Package pdftex.def Info: example-image.pdf  used on input line 141.
(pdftex.def)             Requested size: 191.0383pt x 143.28029pt.
File: example-image.pdf Graphic file (type pdf)
<use example-image.pdf>
Package pdftex.def Info: example-image.pdf  used on input line 148.
(pdftex.def)             Requested size: 191.0383pt x 143.28029pt.

Underfull \vbox (badness 2376) has occurred while \output is active []



[12])

[13]
\openout2 = `chapter-3.aux'.

 (./chapter-3.tex
Underfull \vbox (badness 4242) has occurred while \output is active []



[14




]

[15]

[16]

[17]
Package hyperref Info: bookmark level for unknown lstlisting defaults to 0 on i
nput line 105.


[18]
LaTeX Font Info:    Font shape `T1/lmtt/bx/n' in size <9> not available
(Font)              Font shape `T1/lmtt/b/n' tried instead on input line 117.


[19]

[20]
File: example-image.pdf Graphic file (type pdf)
<use example-image.pdf>
Package pdftex.def Info: example-image.pdf  used on input line 168.
(pdftex.def)             Requested size: 191.0383pt x 143.28029pt.
File: example-image.pdf Graphic file (type pdf)
<use example-image.pdf>
Package pdftex.def Info: example-image.pdf  used on input line 175.
(pdftex.def)             Requested size: 191.0383pt x 143.28029pt.

Underfull \vbox (badness 6691) has occurred while \output is active []



[21]
Underfull \vbox (badness 10000) has occurred while \output is active []



[22]
File: example-image.pdf Graphic file (type pdf)
<use example-image.pdf>
Package pdftex.def Info: example-image.pdf  used on input line 204.
(pdftex.def)             Requested size: 191.0383pt x 143.28029pt.
File: example-image.pdf Graphic file (type pdf)
<use example-image.pdf>
Package pdftex.def Info: example-image.pdf  used on input line 211.
(pdftex.def)             Requested size: 191.0383pt x 143.28029pt.
File: example-image.pdf Graphic file (type pdf)
<use example-image.pdf>
Package pdftex.def Info: example-image.pdf  used on input line 223.
(pdftex.def)             Requested size: 191.0383pt x 143.28029pt.


[23])

[24]

[25]
\openout2 = `chapter-4.aux'.

 (./chapter-4.tex

[26




]

[27]
Overfull \hbox (1.49153pt too wide) in paragraph at lines 43--44
\T1/lmr/m/n/10.95 Yoon [[]] pro-posed adding a cor-re-spond-ing penalty sink te
rm to the Spalart-Allmaras
 []



[28]

[29]
Underfull \vbox (badness 1968) has occurred while \output is active []



[30]

[31]

[32]

[33]

[34]

[35]

[36]
Underfull \vbox (badness 2495) has occurred while \output is active []



[37]

[38])

[39]
\openout2 = `chapter-5.aux'.

 (./chapter-5.tex
Underfull \vbox (badness 5893) has occurred while \output is active []



[40




]
Underfull \hbox (badness 2042) in paragraph at lines 44--44
[]|\T1/lmr/bx/n/8 Role in the
 []


Overfull \hbox (3.81856pt too wide) in paragraph at lines 44--44
[]|\T1/lmr/bx/n/8 Interpretation
 []


Underfull \hbox (badness 4543) in paragraph at lines 44--44
[]|\T1/lmr/m/n/8 Monitors con-
 []


Underfull \hbox (badness 10000) in paragraph at lines 44--44
\T1/lmr/m/n/8 ver-gence and
 []


Underfull \hbox (badness 10000) in paragraph at lines 44--44
\T1/lmr/m/n/8 rel-a-tive im-
 []


Underfull \hbox (badness 10000) in paragraph at lines 44--44
\T1/lmr/m/n/8 ing topol-ogy
 []


Underfull \hbox (badness 3471) in paragraph at lines 44--44
[]|\T1/lmr/m/n/8 Compare only
 []


Underfull \hbox (badness 10000) in paragraph at lines 44--44
\T1/lmr/m/n/8 within the
 []


Underfull \hbox (badness 10000) in paragraph at lines 44--44
\T1/lmr/m/n/8 FEn-iCS op-
 []


Underfull \hbox (badness 10000) in paragraph at lines 44--44
\T1/lmr/m/n/8 ti-miza-tion
 []


Underfull \hbox (badness 3930) in paragraph at lines 44--44
\T1/lmr/m/n/8 cam-paign; do
 []


Underfull \hbox (badness 10000) in paragraph at lines 44--44
\T1/lmr/m/n/8 di-rectly iden-
 []


Underfull \hbox (badness 10000) in paragraph at lines 44--44
\T1/lmr/m/n/8 geometry
 []


Underfull \hbox (badness 3471) in paragraph at lines 44--44
\T1/lmr/m/n/8 code com-par-i-
 []


Underfull \hbox (badness 10000) in paragraph at lines 44--44
[]|\T1/lmr/m/n/8 Report from
 []


Underfull \hbox (badness 3503) in paragraph at lines 44--44
\T1/lmr/m/n/8 both FEniCS-
 []


Underfull \hbox (badness 10000) in paragraph at lines 44--44
\T1/lmr/m/n/8 SA us-ing
 []


Underfull \hbox (badness 10000) in paragraph at lines 44--44
\T1/lmr/m/n/8 matched
 []


Underfull \hbox (badness 10000) in paragraph at lines 44--44
[]|\T1/lmr/m/n/8 Secondary
 []


Underfull \hbox (badness 10000) in paragraph at lines 44--44
\T1/lmr/m/n/8 com-mon
 []


Underfull \hbox (badness 10000) in paragraph at lines 44--44
\T1/lmr/m/n/8 met-ric for
 []


Underfull \hbox (badness 10000) in paragraph at lines 44--44
\T1/lmr/m/n/8 fixed-flow-rate
 []


Underfull \hbox (badness 1325) in paragraph at lines 44--44
\T1/lmr/m/n/8 tity is needed
 []


Underfull \hbox (badness 10000) in paragraph at lines 44--44
[]|\T1/lmr/m/n/8 Qualitative
 []


Underfull \hbox (badness 10000) in paragraph at lines 44--44
\T1/lmr/m/n/8 and semi-
 []


Underfull \hbox (badness 10000) in paragraph at lines 44--44
\T1/lmr/m/n/8 quantitative
 []


Underfull \hbox (badness 10000) in paragraph at lines 44--44
\T1/lmr/m/n/8 phys-i-cal com-
 []


Underfull \hbox (badness 10000) in paragraph at lines 44--44
\T1/lmr/m/n/8 sep-a-ra-tion,
 []


Underfull \hbox (badness 10000) in paragraph at lines 44--44
\T1/lmr/m/n/8 cor-ner losses,
 []


Underfull \hbox (badness 10000) in paragraph at lines 44--44
\T1/lmr/m/n/8 ex-ces-sive dif-
 []


Underfull \hbox (badness 10000) in paragraph at lines 44--44
\T1/lmr/m/n/8 fu-sion, or
 []


Underfull \hbox (badness 10000) in paragraph at lines 44--44
\T1/lmr/m/n/8 curvature-
 []


Underfull \hbox (badness 10000) in paragraph at lines 44--44
\T1/lmr/m/n/8 induced mis-
 []


Underfull \hbox (badness 10000) in paragraph at lines 44--44
[]|\T1/lmr/m/n/8 Interprets
 []


Underfull \hbox (badness 10000) in paragraph at lines 44--44
\T1/lmr/m/n/8 model sen-si-
 []


Underfull \hbox (badness 10000) in paragraph at lines 44--44
\T1/lmr/m/n/8 tiv-ity us-ing
 []


Underfull \hbox (badness 5345) in paragraph at lines 44--44
\T1/lmr/m/n/8 def-i-ni-tion and
 []


Underfull \hbox (badness 10000) in paragraph at lines 44--44
\T1/lmr/m/n/8 char-ac-ter-is-tic
 []



[41]

[42]
<Figures/Figures-Ch5/diffuser-borrvall-bcs.png, id=1136, 501.875pt x 342.27875p
t>
File: Figures/Figures-Ch5/diffuser-borrvall-bcs.png Graphic file (type png)
<use Figures/Figures-Ch5/diffuser-borrvall-bcs.png>
Package pdftex.def Info: Figures/Figures-Ch5/diffuser-borrvall-bcs.png  used on
 input line 61.
(pdftex.def)             Requested size: 167.15927pt x 114.00209pt.
<Figures/Figures-Ch5/diffuser-frozen-TO.png, id=1137, 755.82375pt x 760.8425pt>

File: Figures/Figures-Ch5/diffuser-frozen-TO.png Graphic file (type png)
<use Figures/Figures-Ch5/diffuser-frozen-TO.png>
Package pdftex.def Info: Figures/Figures-Ch5/diffuser-frozen-TO.png  used on in
put line 73.
(pdftex.def)             Requested size: 187.06049pt x 188.29459pt.


[43 <./Figures/Figures-Ch5/diffuser-borrvall-bcs.png>]

[44 <./Figures/Figures-Ch5/diffuser-frozen-TO.png>]

[45]
<Figures/Figures-Ch5/doublepipe-borrvall-bcs.png, id=1162, 558.085pt x 376.4062
5pt>
File: Figures/Figures-Ch5/doublepipe-borrvall-bcs.png Graphic file (type png)
<use Figures/Figures-Ch5/doublepipe-borrvall-bcs.png>
Package pdftex.def Info: Figures/Figures-Ch5/doublepipe-borrvall-bcs.png  used 
on input line 177.
(pdftex.def)             Requested size: 167.15927pt x 112.73895pt.
<Figures/Figures-Ch5/doublepipe-frozen-TO.png, id=1163, 720.6925pt x 484.81125p
t>
File: Figures/Figures-Ch5/doublepipe-frozen-TO.png Graphic file (type png)
<use Figures/Figures-Ch5/doublepipe-frozen-TO.png>
Package pdftex.def Info: Figures/Figures-Ch5/doublepipe-frozen-TO.png  used on 
input line 189.
(pdftex.def)             Requested size: 187.06049pt x 125.83342pt.


[46

 <./Figures/Figures-Ch5/doublepipe-borrvall-bcs.png>]

[47 <./Figures/Figures-Ch5/doublepipe-frozen-TO.png>]

[48]
<Figures/Figures-Ch5/pipebend-borrvall-bcs.png, id=1186, 461.725pt x 392.46625p
t>
File: Figures/Figures-Ch5/pipebend-borrvall-bcs.png Graphic file (type png)
<use Figures/Figures-Ch5/pipebend-borrvall-bcs.png>
Package pdftex.def Info: Figures/Figures-Ch5/pipebend-borrvall-bcs.png  used on
 input line 295.
(pdftex.def)             Requested size: 167.15927pt x 142.08421pt.
<Figures/Figures-Ch5/pipebend-frozen-TO.png, id=1187, 613.29124pt x 614.295pt>
File: Figures/Figures-Ch5/pipebend-frozen-TO.png Graphic file (type png)
<use Figures/Figures-Ch5/pipebend-frozen-TO.png>
Package pdftex.def Info: Figures/Figures-Ch5/pipebend-frozen-TO.png  used on in
put line 307.
(pdftex.def)             Requested size: 187.06049pt x 187.36438pt.


[49

]

[50 <./Figures/Figures-Ch5/pipebend-borrvall-bcs.png>]

[51 <./Figures/Figures-Ch5/pipebend-frozen-TO.png>]

[52]
<Figures/Figures-Ch5/diffuser-semifrozen-TO.png, id=1216, 619.31375pt x 634.37p
t>
File: Figures/Figures-Ch5/diffuser-semifrozen-TO.png Graphic file (type png)
<use Figures/Figures-Ch5/diffuser-semifrozen-TO.png>
Package pdftex.def Info: Figures/Figures-Ch5/diffuser-semifrozen-TO.png  used o
n input line 413.
(pdftex.def)             Requested size: 123.37903pt x 126.37808pt.
<Figures/Figures-Ch5/doublepipe-semifrozen-TO.png, id=1217, 869.2475pt x 584.18
25pt>
File: Figures/Figures-Ch5/doublepipe-semifrozen-TO.png Graphic file (type png)
<use Figures/Figures-Ch5/doublepipe-semifrozen-TO.png>
Package pdftex.def Info: Figures/Figures-Ch5/doublepipe-semifrozen-TO.png  used
 on input line 420.
(pdftex.def)             Requested size: 123.37903pt x 82.91705pt.
<Figures/Figures-Ch5/pipebend-semifrozen-TO.png, id=1218, 512.91624pt x 516.931
24pt>
File: Figures/Figures-Ch5/pipebend-semifrozen-TO.png Graphic file (type png)
<use Figures/Figures-Ch5/pipebend-semifrozen-TO.png>
Package pdftex.def Info: Figures/Figures-Ch5/pipebend-semifrozen-TO.png  used o
n input line 427.
(pdftex.def)             Requested size: 123.37903pt x 124.3421pt.


[53

 <./Figures/Figures-Ch5/diffuser-semifrozen-TO.png> <./Figures/Figures-Ch5/doub
lepipe-semifrozen-TO.png> <./Figures/Figures-Ch5/pipebend-semifrozen-TO.png>])

[54]
\openout2 = `chapter-6-conclusion.aux'.

 (./chapter-6-conclusion.tex

[55




]

[56])

[57]

[58



]
\openout2 = `appendix-1.aux'.

 (./appendix-1.tex
Overfull \hbox (50.23642pt too wide) in alignment at lines 103--103
[][][][] 
 []



[59


]
File: example-image.pdf Graphic file (type pdf)
<use example-image.pdf>
Package pdftex.def Info: example-image.pdf  used on input line 110.
(pdftex.def)             Requested size: 238.80243pt x 179.10497pt.


[60]

[61]
Underfull \hbox (badness 3758) in paragraph at lines 147--147
[]|\T1/lmr/m/n/9 Truncated 2D symmetry-plane U-bend based on An-sys
 []


Underfull \hbox (badness 6876) in paragraph at lines 185--185
\T1/lmr/m/n/9 loc-i-ty/-cor-rec-tion pre-con-di-tion-ing and
 []


Underfull \hbox (badness 2165) in paragraph at lines 185--185
\T1/lmr/m/n/9 Hypre-AMG pres-sure pre-con-di-tion-ing;
 []



[62]
File: example-image.pdf Graphic file (type pdf)
<use example-image.pdf>
Package pdftex.def Info: example-image.pdf  used on input line 194.
(pdftex.def)             Requested size: 238.80243pt x 179.10497pt.


[63]
Overfull \hbox (15.17793pt too wide) in alignment at lines 222--222
[][][][] 
 []

File: example-image.pdf Graphic file (type pdf)
<use example-image.pdf>
Package pdftex.def Info: example-image.pdf  used on input line 229.
(pdftex.def)             Requested size: 238.80243pt x 179.10497pt.
)

[64]

[65]
\openout2 = `appendix-2.aux'.

 (./appendix-2.tex
File: example-image.pdf Graphic file (type pdf)
<use example-image.pdf>
Package pdftex.def Info: example-image.pdf  used on input line 14.
(pdftex.def)             Requested size: 179.09879pt x 134.32596pt.
File: example-image.pdf Graphic file (type pdf)
<use example-image.pdf>
Package pdftex.def Info: example-image.pdf  used on input line 20.
(pdftex.def)             Requested size: 179.09879pt x 134.32596pt.
File: example-image.pdf Graphic file (type pdf)
<use example-image.pdf>
Package pdftex.def Info: example-image.pdf  used on input line 29.
(pdftex.def)             Requested size: 179.09879pt x 134.32596pt.
File: example-image.pdf Graphic file (type pdf)
<use example-image.pdf>
Package pdftex.def Info: example-image.pdf  used on input line 35.
(pdftex.def)             Requested size: 179.09879pt x 134.32596pt.
File: example-image.pdf Graphic file (type pdf)
<use example-image.pdf>
Package pdftex.def Info: example-image.pdf  used on input line 44.
(pdftex.def)             Requested size: 179.09879pt x 134.32596pt.
File: example-image.pdf Graphic file (type pdf)
<use example-image.pdf>
Package pdftex.def Info: example-image.pdf  used on input line 50.
(pdftex.def)             Requested size: 179.09879pt x 134.32596pt.
)

[66




]

[67]

[68]
\openout2 = `appendix-3.aux'.

 (./appendix-3.tex
Underfull \hbox (badness 1776) in paragraph at lines 36--36
[]|\T1/lmr/m/n/9 Report cells, first-layer
 []


Underfull \hbox (badness 10000) in paragraph at lines 36--36
\T1/lmr/m/n/9 height, and met-ric
 []


Underfull \hbox (badness 1308) in paragraph at lines 36--36
[]|\T1/lmr/m/n/9 Include junc-tion re-fine-
 []


Underfull \hbox (badness 2846) in paragraph at lines 36--36
\T1/lmr/m/n/9 tion lo-ca-tion is mesh-
 []



[69




])

[70]

[71]
\openout2 = `appendix-4.aux'.

 (./appendix-4.tex
Underfull \hbox (badness 10000) in paragraph at lines 33--33
[]|\T1/lmr/m/n/9 Shows the fi-nal ex-
 []


Underfull \hbox (badness 5970) in paragraph at lines 33--33
[]|\T1/lmr/m/n/9 Shows whether losses
 []


Underfull \hbox (badness 10000) in paragraph at lines 33--33
\T1/lmr/m/n/9 are re-duced through
 []


Underfull \hbox (badness 4543) in paragraph at lines 33--33
[]|\T1/lmr/m/n/9 Main model-sensitivity
 []


Underfull \hbox (badness 10000) in paragraph at lines 33--33
[]|\T1/lmr/m/n/9 Secondary ref-er-ence
 []

)

[72




]

[73]

[74]

[75] (./thesis.bbl
bibitemlist


[76




]

[77]

[78])

[79]
\openout2 = `CoC.aux'.

 (./CoC.tex
Underfull \hbox (badness 10000) in paragraph at lines 4--8

 []



[80


]
Underfull \hbox (badness 10000) in paragraph at lines 35--39

 []



[81]

[82]
Overfull \hbox (17.0pt too wide) in paragraph at lines 57--58
[][] 
 []


Overfull \hbox (17.0pt too wide) in paragraph at lines 65--66
[][] 
 []


Underfull \hbox (badness 10000) in paragraph at lines 79--80

 []



[83]
Underfull \hbox (badness 1874) in paragraph at lines 100--100
[]|\T1/lmr/bx/n/10.95 Name of the
 []


Underfull \hbox (badness 10000) in paragraph at lines 100--100
\T1/lmr/m/n/10.95 also de-scribe
 []


Underfull \hbox (badness 10000) in paragraph at lines 100--100
\T1/lmr/m/n/10.95 in which way
 []


Underfull \hbox (badness 1320) in paragraph at lines 100--100
\T1/lmr/m/n/10.95 you were us-ing
 []


Underfull \hbox (badness 10000) in paragraph at lines 100--100
\T1/lmr/m/n/10.95 GenAI re-lated
 []


Overfull \hbox (37.59998pt too wide) in alignment at lines 98--102
 [] [] [] 
 []


Overfull \hbox (37.59998pt too wide) in alignment at lines 102--109
 [] [] [] 
 []


Overfull \hbox (37.59998pt too wide) in alignment at lines 109--112
 [] [] [] 
 []


Underfull \hbox (badness 10000) in paragraph at lines 126--126
[]|\T1/lmr/bx/n/10.95 For trans-la-tion
 []


Underfull \hbox (badness 10000) in paragraph at lines 126--126
\T1/lmr/bx/n/10.95 aid to im-prove
 []


Underfull \hbox (badness 10000) in paragraph at lines 126--126
\T1/lmr/bx/n/10.95 un-der-stand text
 []


Underfull \hbox (badness 4467) in paragraph at lines 133--133
\T1/lmr/bx/n/10.95 re-search on the
 []


Underfull \hbox (badness 1910) in paragraph at lines 137--138
\T1/lmr/m/n/10.95 be lim-ited due to the databases it
 []


Underfull \hbox (badness 10000) in paragraph at lines 139--139
[]|\T1/lmr/bx/n/10.95 For lit-er-a-ture
 []


Underfull \hbox (badness 10000) in paragraph at lines 147--147
[]|\T1/lmr/bx/n/10.95 For gen-er-at-ing
 []


Underfull \hbox (badness 10000) in paragraph at lines 147--147
\T1/lmr/bx/n/10.95 pro-gram-ming
 []


Underfull \hbox (badness 10000) in paragraph at lines 148--148
[]|\T1/lmr/bx/n/10.95 For gen-er-at-ing
 []


Underfull \hbox (badness 10000) in paragraph at lines 148--148
\T1/lmr/bx/n/10.95 new (re-search)
 []


Underfull \hbox (badness 10000) in paragraph at lines 155--155
[]|\T1/lmr/bx/n/10.95 For gen-er-at-ing
 []


Underfull \hbox (badness 10000) in paragraph at lines 164--164
[]|\T1/lmr/bx/n/10.95 For gen-er-at-ing
 []


Underfull \hbox (badness 10000) in paragraph at lines 164--164
\T1/lmr/bx/n/10.95 blocks of text
 []


Underfull \hbox (badness 4013) in paragraph at lines 164--164
\T1/lmr/bx/n/10.95 (other than the
 []


Underfull \hbox (badness 10000) in paragraph at lines 164--164
\T1/lmr/bx/n/10.95 out ref-er-enc-ing
 []


Underfull \hbox (badness 10000) in paragraph at lines 181--181
\T1/lmr/bx/n/10.95 also in-clude a
 []


Underfull \hbox (badness 10000) in paragraph at lines 181--181
\T1/lmr/bx/n/10.95 com-bi-na-tion of
 []


Overfull \hbox (37.59998pt too wide) in alignment at lines 112--188
 [] [] [] 
 []

[84] [85] [86] [87] [88])

[89]
\tf@toc=\write5
\openout5 = `thesis.toc'.

\tf@lof=\write6
\openout6 = `thesis.lof'.

\tf@lot=\write7
\openout7 = `thesis.lot'.

 (./thesis.aux (./chapter-1-introduction.aux) (./chapter-2.aux)
(./chapter-3.aux) (./chapter-4.aux) (./chapter-5.aux)
(./chapter-6-conclusion.aux) (./appendix-1.aux) (./appendix-2.aux)
(./appendix-3.aux) (./appendix-4.aux) (./CoC.aux))
 ***********
LaTeX2e <2024-11-01> patch level 2
L3 programming layer <2020/03/25>
 ***********
Package rerunfilecheck Info: File `thesis.out' has not changed.
(rerunfilecheck)             Checksum: 45BE47747FCA7DBADE9ECDCCD396412E;15284.
 ) 
Here is how much of TeX's memory you used:
 21096 strings out of 473190
 348734 string characters out of 5715799
 1172114 words of memory out of 5000000
 43501 multiletter control sequences out of 15000+600000
 643798 words of font info for 103 fonts, out of 8000000 for 9000
 1141 hyphenation exceptions out of 8191
 98i,14n,107p,1473b,2169s stack positions out of 10000i,1000n,20000p,200000b,200000s
</usr/local/texlive/2025/texmf-dist/fonts/type1/public/amsfonts/cm/cmbx10.pfb
></usr/local/texlive/2025/texmf-dist/fonts/type1/public/amsfonts/cm/cmbx6.pfb><
/usr/local/texlive/2025/texmf-dist/fonts/type1/public/amsfonts/cm/cmbx8.pfb></u
sr/local/texlive/2025/texmf-dist/fonts/type1/public/amsfonts/cm/cmbx9.pfb></usr
/local/texlive/2025/texmf-dist/fonts/type1/public/amsfonts/cm/cmex10.pfb></usr/
local/texlive/2025/texmf-dist/fonts/type1/public/amsfonts/cm/cmmi10.pfb></usr/l
ocal/texlive/2025/texmf-dist/fonts/type1/public/amsfonts/cm/cmmi6.pfb></usr/loc
al/texlive/2025/texmf-dist/fonts/type1/public/amsfonts/cm/cmmi7.pfb></usr/local
/texlive/2025/texmf-dist/fonts/type1/public/amsfonts/cm/cmmi8.pfb></usr/local/t
exlive/2025/texmf-dist/fonts/type1/public/amsfonts/cm/cmmi9.pfb></usr/local/tex
live/2025/texmf-dist/fonts/type1/public/amsfonts/cm/cmr10.pfb></usr/local/texli
ve/2025/texmf-dist/fonts/type1/public/amsfonts/cm/cmr12.pfb></usr/local/texlive
/2025/texmf-dist/fonts/type1/public/amsfonts/cm/cmr6.pfb></usr/local/texlive/20
25/texmf-dist/fonts/type1/public/amsfonts/cm/cmr8.pfb></usr/local/texlive/2025/
texmf-dist/fonts/type1/public/amsfonts/cm/cmr9.pfb></usr/local/texlive/2025/tex
mf-dist/fonts/type1/public/amsfonts/cm/cmsy10.pfb></usr/local/texlive/2025/texm
f-dist/fonts/type1/public/amsfonts/cm/cmsy6.pfb></usr/local/texlive/2025/texmf-
dist/fonts/type1/public/amsfonts/cm/cmsy8.pfb></usr/local/texlive/2025/texmf-di
st/fonts/type1/public/amsfonts/cm/cmsy9.pfb></usr/local/texlive/2025/texmf-dist
/fonts/type1/public/lm/lmbx10.pfb></usr/local/texlive/2025/texmf-dist/fonts/typ
e1/public/lm/lmbx12.pfb></usr/local/texlive/2025/texmf-dist/fonts/type1/public/
lm/lmbx8.pfb></usr/local/texlive/2025/texmf-dist/fonts/type1/public/lm/lmbx9.pf
b></usr/local/texlive/2025/texmf-dist/fonts/type1/public/lm/lmcsc10.pfb></usr/l
ocal/texlive/2025/texmf-dist/fonts/type1/public/lm/lmr10.pfb></usr/local/texliv
e/2025/texmf-dist/fonts/type1/public/lm/lmr8.pfb></usr/local/texlive/2025/texmf
-dist/fonts/type1/public/lm/lmr9.pfb></usr/local/texlive/2025/texmf-dist/fonts/
type1/public/lm/lmri10.pfb></usr/local/texlive/2025/texmf-dist/fonts/type1/publ
ic/lm/lmss17.pfb></usr/local/texlive/2025/texmf-dist/fonts/type1/public/lm/lmtk
10.pfb></usr/local/texlive/2025/texmf-dist/fonts/type1/public/lm/lmtt10.pfb></u
sr/local/texlive/2025/texmf-dist/fonts/type1/public/lm/lmtt9.pfb></usr/local/te
xlive/2025/texmf-dist/fonts/type1/public/tex-gyre/qhvr.pfb></usr/local/texlive/
2025/texmf-dist/fonts/type1/public/tex-gyre/qhvri.pfb></usr/local/texlive/2025/
texmf-dist/fonts/type1/public/stmaryrd/stmary10.pfb>
Output written on thesis.pdf (101 pages, 2954524 bytes).
PDF statistics:
 1738 PDF objects out of 2073 (max. 8388607)
 1501 compressed objects within 16 object streams
 475 named destinations out of 1000 (max. 500000)
 570 words of extra memory for PDF output out of 10000 (max. 10000000)

